Microchip MPLAB XC8 Compiler V1.34 ()

Linker command line:

-W-3 --edf=C:\Program Files (x86)\Microchip\xc8\v1.34\dat\en_msgs.txt -cs \
  -h+dist/default/production\PIC_definitivo.X.production.sym \
  --cmf=dist/default/production\PIC_definitivo.X.production.cmf -z \
  -Q18F26J50 -oC:\Users\enric\AppData\Local\Temp\sg5c.6 \
  -Mdist/default/production/PIC_definitivo.X.production.map -E1 -ver=XC8 \
  -ASTACK=060h-0ebfh -pstack=STACK -ACODE=00h-0FFF7h -ACONST=00h-0FFF7h \
  -ASMALLCONST=0F00h-0FFFhx240,0FF00h-0FFF7h -AMEDIUMCONST=0F00h-0FFF7h \
  -ACOMRAM=01h-05Fh -AABS1=00h-0EBFh -ABIGRAM=01h-0EBFh \
  -ARAM=060h-0FFh,0100h-01FFhx13,0E00h-0EBFh -ABANK0=060h-0FFh \
  -ABANK1=0100h-01FFh -ABANK2=0200h-02FFh -ABANK3=0300h-03FFh \
  -ABANK4=0400h-04FFh -ABANK5=0500h-05FFh -ABANK6=0600h-06FFh \
  -ABANK7=0700h-07FFh -ABANK8=0800h-08FFh -ABANK9=0900h-09FFh \
  -ABANK10=0A00h-0AFFh -ABANK11=0B00h-0BFFh -ABANK12=0C00h-0CFFh \
  -ABANK13=0D00h-0DFFh -ABANK14=0E00h-0EBFh \
  -ASFR=0EC0h-0EFFh,0F00h-0F5Fh,0F60h-0FFFh \
  -preset_vec=00h,intcode=08h,intcodelo,powerup,init,end_init \
  -pramtop=0F00h -psmallconst=SMALLCONST -pmediumconst=MEDIUMCONST \
  -pconst=CONST -AFARRAM=00h-00h -ACONFIG=0FFF8h-0FFFFh -pconfig=CONFIG \
  -pjflash_buffer=0F800h \
  -prdata=COMRAM,nvrram=COMRAM,nvbit=COMRAM,rbss=COMRAM,rbit=COMRAM \
  -pfarbss=FARRAM,fardata=FARRAM,nvFARRAM=FARRAM \
  -pintsave_regs=BIGRAM,bigbss=BIGRAM,bigdata=BIGRAM -pbss=RAM \
  -pidata=CODE,irdata=CODE,ibigdata=CODE,ifardata=CODE -prparam=COMRAM \
  C:\Users\enric\AppData\Local\Temp\sg5c.obj \
  dist/default/production\PIC_definitivo.X.production.obj 

Object code version is 3.11

Machine type is 18F26J50

Call graph: (short form)




                Name                               Link     Load   Length Selector   Space Scale
C:\Users\enric\AppData\Local\Temp\sg5c.obj
                end_init                             DE       DE        4        4       0
                reset_vec                             0        0        4        0       0
                config                             FFF8     FFF8        8     FFF8       0
dist/default/production\PIC_definitivo.X.production.obj
                intcode                               8        8       D6        4       0
                text4                               2BA      2BA       1A        4       0
                text3                               23E      23E       7C        4       0
                text2                                E2       E2       C8        4       0
                cstackCOMRAM                          1        1       16        1       1
                bssCOMRAM                            17       17        2        1       1
                cinit                               2D4      2D4        A        4       0
                text0                               1AA      1AA       94        4       0

TOTAL           Name                               Link     Load   Length     Space
        CLASS   STACK          

        CLASS   CODE           
                end_init                             DE       DE        4         0
                intcode                               8        8       D6         0
                reset_vec                             0        0        4         0
                text4                               2BA      2BA       1A         0
                text3                               23E      23E       7C         0
                text2                                E2       E2       C8         0
                cinit                               2D4      2D4        A         0
                text0                               1AA      1AA       94         0

        CLASS   CONST          

        CLASS   SMALLCONST     

        CLASS   MEDIUMCONST    

        CLASS   COMRAM         
                cstackCOMRAM                          1        1       16         1
                bssCOMRAM                            17       17        2         1

        CLASS   ABS1           

        CLASS   BIGRAM         

        CLASS   RAM            

        CLASS   BANK0          

        CLASS   BANK1          

        CLASS   BANK2          

        CLASS   BANK3          

        CLASS   BANK4          

        CLASS   BANK5          

        CLASS   BANK6          

        CLASS   BANK7          

        CLASS   BANK8          

        CLASS   BANK9          

        CLASS   BANK10         

        CLASS   BANK11         

        CLASS   BANK12         

        CLASS   BANK13         

        CLASS   BANK14         

        CLASS   SFR            

        CLASS   FARRAM         

        CLASS   CONFIG         
                config                             FFF8     FFF8        8         0

        CLASS   IDLOC          



SEGMENTS        Name                           Load    Length   Top    Selector   Space  Class

                reset_vec                      000000  000004  000004         0       0  CODE    
                cstackCOMRAM                   000001  000018  000019         1       1  COMRAM  
                intcode                        000008  0002D6  0002DE         4       0  CODE    
                config                         00FFF8  000008  010000      FFF8       0  CONFIG  


UNUSED ADDRESS RANGES

        Name                Unused          Largest block    Delta
        BANK0            00060-000FF              A0
        BANK1            00100-001FF             100
        BANK10           00A00-00AFF             100
        BANK11           00B00-00BFF             100
        BANK12           00C00-00CFF             100
        BANK13           00D00-00DFF             100
        BANK14           00E00-00EBF              C0
        BANK2            00200-002FF             100
        BANK3            00300-003FF             100
        BANK4            00400-004FF             100
        BANK5            00500-005FF             100
        BANK6            00600-006FF             100
        BANK7            00700-007FF             100
        BANK8            00800-008FF             100
        BANK9            00900-009FF             100
        BIGRAM           00019-00EBF             EA7
        CODE             00004-00007               4
                         002DE-0FFF7            FD1A
        COMRAM           00019-0005F              47
        CONST            00004-00007               4
                         002DE-0FFF7            FD1A
        MEDIUMCONST      00F00-0FFF7            F0F8
        RAM              00060-00EBF             100
        SFR              00EC0-00FFF              60
        SMALLCONST       00F00-0FFF7             100
        STACK            00060-00EBF             E60

                                  Symbol Table

EE_byte_write_singolo@address_byte1      cstackCOMRAM  00006
EE_byte_write_singolo@address_byte2      cstackCOMRAM  00003
EE_byte_write_singolo@data1              cstackCOMRAM  00004
EE_byte_write_singolo@device_adress_byte cstackCOMRAM  00007
OpenI2C1@slew                            cstackCOMRAM  00001
OpenI2C1@sync_mode                       cstackCOMRAM  00002
WriteI2C1@data_out                       cstackCOMRAM  00002
_ALRMCFGbits                             (abs)         00F91
_ALRMPTR0                                (abs)         07C88
_ALRMPTR1                                (abs)         07C89
_ALRMRPTbits                             (abs)         00F90
_ALRMVALH                                (abs)         00F8F
_ALRMVALL                                (abs)         00F8E
_EECON2                                  (abs)         00FA7
_EE_byte_write_singolo                   text2         000E2
_INTCONbits                              (abs)         00FF2
_OSCCONbits                              (abs)         00FD3
_OpenI2C1                                text4         002BA
_PADCFG1                                 (abs)         00F3C
_PIR1bits                                (abs)         00F9E
_PIR3bits                                (abs)         00FA4
_RTCCFGbits                              (abs)         00F3F
_RTCCIE                                  (abs)         07D18
_RTCCIF                                  (abs)         07D20
_RTCVALH                                 (abs)         00F99
_RTCVALL                                 (abs)         00F98
_SSP1BUF                                 (abs)         00FC9
_SSP1CON1                                (abs)         00FC6
_SSP1CON1bits                            (abs)         00FC6
_SSP1CON2                                (abs)         00FC5
_SSP1CON2bits                            (abs)         00FC5
_SSP1STAT                                (abs)         00FC7
_SSP1STATbits                            (abs)         00FC7
_SSPADD                                  (abs)         00FC8
_SSPCON1                                 (abs)         00FC6
_SSPCON2                                 (abs)         00FC5
_SSPEN1                                  (abs)         07E35
_SSPSTAT                                 (abs)         00FC7
_TRISB                                   (abs)         00F93
_TRISBbits                               (abs)         00F93
_WriteI2C1                               text3         0023E
__CFG_CP0$OFF                            (abs)         00000
__CFG_CPUDIV$OSC1                        (abs)         00000
__CFG_FCMEN$OFF                          (abs)         00000
__CFG_IESO$OFF                           (abs)         00000
__CFG_LPT1OSC$OFF                        (abs)         00000
__CFG_OSC$INTOSC                         (abs)         00000
__CFG_PLLDIV$1                           (abs)         00000
__CFG_RTCOSC$INTOSCREF                   (abs)         00000
__CFG_STVREN$OFF                         (abs)         00000
__CFG_T1DIG$OFF                          (abs)         00000
__CFG_WDTEN$OFF                          (abs)         00000
__CFG_XINST$OFF                          (abs)         00000
__HRAM                                   (abs)         00000
__Habs1                                  abs1          00000
__Hbank0                                 bank0         00000
__Hbank1                                 bank1         00000
__Hbank10                                bank10        00000
__Hbank11                                bank11        00000
__Hbank12                                bank12        00000
__Hbank13                                bank13        00000
__Hbank14                                bank14        00000
__Hbank2                                 bank2         00000
__Hbank3                                 bank3         00000
__Hbank4                                 bank4         00000
__Hbank5                                 bank5         00000
__Hbank6                                 bank6         00000
__Hbank7                                 bank7         00000
__Hbank8                                 bank8         00000
__Hbank9                                 bank9         00000
__Hbigbss                                bigbss        00000
__Hbigdata                               bigdata       00000
__Hbigram                                bigram        00000
__Hbss                                   bss           00000
__HbssCOMRAM                             bssCOMRAM     00000
__Hcinit                                 cinit         00000
__Hclrtext                               clrtext       00000
__Hcomram                                comram        00000
__Hconfig                                config        10000
__Hconst                                 const         00000
__HcstackCOMRAM                          cstackCOMRAM  00000
__Hdata                                  data          00000
__Hend_init                              end_init      000E2
__Hfarbss                                farbss        00000
__Hfardata                               fardata       00000
__Hibigdata                              ibigdata      00000
__Hidata                                 idata         00000
__Hidloc                                 idloc         00000
__Hifardata                              ifardata      00000
__Hinit                                  init          000DE
__Hintcode                               intcode       000DE
__Hintcode_body                          intcode_body  00000
__Hintcodelo                             intcodelo     000DE
__Hintentry                              intentry      00000
__Hintret                                intret        00000
__Hintsave_regs                          intsave_regs  00000
__Hirdata                                irdata        00000
__Hjflash_buffer                         jflash_buffer 0F800
__Hmediumconst                           mediumconst   00000
__HnvFARRAM                              nvFARRAM      00000
__Hnvbit                                 nvbit         00000
__Hnvrram                                nvrram        00000
__Hparam                                 rparam        00000
__Hpowerup                               powerup       000DE
__Hram                                   ram           00000
__Hramtop                                ramtop        00F00
__Hrbit                                  rbit          00000
__Hrbss                                  rbss          00000
__Hrdata                                 rdata         00000
__Hreset_vec                             reset_vec     00004
__Hrparam                                rparam        00000
__Hsfr                                   sfr           00000
__Hsmallconst                            smallconst    00000
__Hspace_0                               (abs)         10000
__Hspace_1                               (abs)         00019
__Hspace_2                               (abs)         00000
__Hstack                                 stack         00000
__Hstruct                                struct        00000
__Htemp                                  temp          00000
__Htext                                  text          00000
__Htext0                                 text0         00000
__Htext2                                 text2         00000
__Htext3                                 text3         00000
__Htext4                                 text4         00000
__LRAM                                   (abs)         00001
__Labs1                                  abs1          00000
__Lbank0                                 bank0         00000
__Lbank1                                 bank1         00000
__Lbank10                                bank10        00000
__Lbank11                                bank11        00000
__Lbank12                                bank12        00000
__Lbank13                                bank13        00000
__Lbank14                                bank14        00000
__Lbank2                                 bank2         00000
__Lbank3                                 bank3         00000
__Lbank4                                 bank4         00000
__Lbank5                                 bank5         00000
__Lbank6                                 bank6         00000
__Lbank7                                 bank7         00000
__Lbank8                                 bank8         00000
__Lbank9                                 bank9         00000
__Lbigbss                                bigbss        00000
__Lbigdata                               bigdata       00000
__Lbigram                                bigram        00000
__Lbss                                   bss           00000
__LbssCOMRAM                             bssCOMRAM     00000
__Lcinit                                 cinit         00000
__Lclrtext                               clrtext       00000
__Lcomram                                comram        00000
__Lconfig                                config        0FFF8
__Lconst                                 const         00000
__LcstackCOMRAM                          cstackCOMRAM  00000
__Ldata                                  data          00000
__Lend_init                              end_init      000DE
__Lfarbss                                farbss        00000
__Lfardata                               fardata       00000
__Libigdata                              ibigdata      00000
__Lidata                                 idata         00000
__Lidloc                                 idloc         00000
__Lifardata                              ifardata      00000
__Linit                                  init          000DE
__Lintcode                               intcode       00008
__Lintcode_body                          intcode_body  00000
__Lintcodelo                             intcodelo     000DE
__Lintentry                              intentry      00000
__Lintret                                intret        00000
__Lintsave_regs                          intsave_regs  00000
__Lirdata                                irdata        00000
__Ljflash_buffer                         jflash_buffer 0F800
__Lmediumconst                           mediumconst   00000
__LnvFARRAM                              nvFARRAM      00000
__Lnvbit                                 nvbit         00000
__Lnvrram                                nvrram        00000
__Lparam                                 rparam        00000
__Lpowerup                               powerup       000DE
__Lram                                   ram           00000
__Lramtop                                ramtop        00F00
__Lrbit                                  rbit          00000
__Lrbss                                  rbss          00000
__Lrdata                                 rdata         00000
__Lreset_vec                             reset_vec     00000
__Lrparam                                rparam        00000
__Lsfr                                   sfr           00000
__Lsmallconst                            smallconst    00000
__Lspace_0                               (abs)         00000
__Lspace_1                               (abs)         00000
__Lspace_2                               (abs)         00000
__Lstack                                 stack         00000
__Lstruct                                struct        00000
__Ltemp                                  temp          00000
__Ltext                                  text          00000
__Ltext0                                 text0         00000
__Ltext2                                 text2         00000
__Ltext3                                 text3         00000
__Ltext4                                 text4         00000
__S0                                     (abs)         10000
__S1                                     (abs)         00019
__S2                                     (abs)         00000
___inthi_sp                              stack         00000
___intlo_sp                              stack         00000
___param_bank                            (abs)         00010
___rparam_used                           (abs)         00001
___sp                                    stack         00000
__accesstop                              (abs)         00060
__activetblptr                           (abs)         00000
__end_of_EE_byte_write_singolo           text2         001AA
__end_of_OpenI2C1                        text4         002D4
__end_of_WriteI2C1                       text3         002BA
__end_of__initialization                 cinit         002D8
__end_of_interruzione                    intcode       000DE
__end_of_main                            text0         0023E
__initialization                         cinit         002D4
__mediumconst                            mediumconst   00000
__pbssCOMRAM                             bssCOMRAM     00017
__pcinit                                 cinit         002D4
__pcstackCOMRAM                          cstackCOMRAM  00001
__pintcode                               intcode       00008
__ptext0                                 text0         001AA
__ptext2                                 text2         000E2
__ptext3                                 text3         0023E
__ptext4                                 text4         002BA
__ramtop                                 ramtop        00F00
__size_of_EE_byte_write_singolo          (abs)         00000
__size_of_OpenI2C1                       (abs)         00000
__size_of_WriteI2C1                      (abs)         00000
__size_of_interruzione                   (abs)         00000
__size_of_main                           (abs)         00000
__smallconst                             smallconst    00000
_interruzione                            intcode       00008
_main                                    text0         001AA
_somma_indirizzi                         bssCOMRAM     00017
end_of_initialization                    cinit         002D8
interruzione@lettura_a_vuoto             cstackCOMRAM  00016
intlevel0                                text          00000
intlevel1                                text          00000
intlevel2                                text          00000
intlevel3                                text          00000
stackhi                                  (abs)         00EBF
stacklo                                  (abs)         00060
start                                    init          000DE
start_initialization                     cinit         002D4


FUNCTION INFORMATION:

 *************** function _main *****************
 Defined at:
		line 62 in file "main.c"
 Parameters:    Size  Location     Type
		None
 Auto vars:     Size  Location     Type
		None
 Return value:  Size  Location     Type
		None               void
 Registers used:
		wreg, status,2
 Tracked objects:
		On entry : 
		On exit  : 
		Unchanged: 
 Data sizes:     COMRAM   BANK0   BANK1   BANK2   BANK3   BANK4   BANK5   BANK6   BANK7   BANK8   BANK9  BANK10  BANK11  BANK12  BANK13  BANK14
      Params:         0       0       0       0       0       0       0       0       0       0       0       0       0       0       0       0
      Locals:         0       0       0       0       0       0       0       0       0       0       0       0       0       0       0       0
      Temps:          0       0       0       0       0       0       0       0       0       0       0       0       0       0       0       0
      Totals:         0       0       0       0       0       0       0       0       0       0       0       0       0       0       0       0
Total ram usage:        0 bytes
 Hardware stack levels required when called:    3
 This function calls:
		Nothing
 This function is called by:
		Startup code after reset
 This function uses a non-reentrant model


 *************** function _interruzione *****************
 Defined at:
		line 129 in file "main.c"
 Parameters:    Size  Location     Type
		None
 Auto vars:     Size  Location     Type
  lettura_a_vu    1   21[COMRAM] unsigned char 
 Return value:  Size  Location     Type
		None               void
 Registers used:
		wreg, status,2, status,0, cstack
 Tracked objects:
		On entry : 
		On exit  : 
		Unchanged: 
 Data sizes:     COMRAM   BANK0   BANK1   BANK2   BANK3   BANK4   BANK5   BANK6   BANK7   BANK8   BANK9  BANK10  BANK11  BANK12  BANK13  BANK14
      Params:         0       0       0       0       0       0       0       0       0       0       0       0       0       0       0       0
      Locals:         1       0       0       0       0       0       0       0       0       0       0       0       0       0       0       0
      Temps:         14       0       0       0       0       0       0       0       0       0       0       0       0       0       0       0
      Totals:        15       0       0       0       0       0       0       0       0       0       0       0       0       0       0       0
Total ram usage:       15 bytes
 Hardware stack levels used:    1
 Hardware stack levels required when called:    2
 This function calls:
		_EE_byte_write_singolo
 This function is called by:
		Interrupt level 2
 This function uses a non-reentrant model


 *************** function _EE_byte_write_singolo *****************
 Defined at:
		line 21 in file "main.c"
 Parameters:    Size  Location     Type
  address_byte    1    wreg     unsigned char 
  address_byte    1    2[COMRAM] unsigned char 
  data1           1    3[COMRAM] unsigned char 
 Auto vars:     Size  Location     Type
  address_byte    1    5[COMRAM] unsigned char 
  device_adres    1    6[COMRAM] unsigned char 
 Return value:  Size  Location     Type
		None               void
 Registers used:
		wreg, status,2, status,0, cstack
 Tracked objects:
		On entry : 
		On exit  : 
		Unchanged: 
 Data sizes:     COMRAM   BANK0   BANK1   BANK2   BANK3   BANK4   BANK5   BANK6   BANK7   BANK8   BANK9  BANK10  BANK11  BANK12  BANK13  BANK14
      Params:         2       0       0       0       0       0       0       0       0       0       0       0       0       0       0       0
      Locals:         2       0       0       0       0       0       0       0       0       0       0       0       0       0       0       0
      Temps:          1       0       0       0       0       0       0       0       0       0       0       0       0       0       0       0
      Totals:         5       0       0       0       0       0       0       0       0       0       0       0       0       0       0       0
Total ram usage:        5 bytes
 Hardware stack levels used:    1
 Hardware stack levels required when called:    1
 This function calls:
		_OpenI2C1
		_WriteI2C1
 This function is called by:
		_interruzione
 This function uses a non-reentrant model


 *************** function _WriteI2C1 *****************
 Defined at:
		line 12 in file "C:\Program Files (x86)\Microchip\xc8\v1.34\sources\pic18\plib\i2c\i2c1writ.c"
 Parameters:    Size  Location     Type
  data_out        1    wreg     unsigned char 
 Auto vars:     Size  Location     Type
  data_out        1    1[COMRAM] unsigned char 
 Return value:  Size  Location     Type
                  1    wreg      char 
 Registers used:
		wreg, status,2, status,0
 Tracked objects:
		On entry : 
		On exit  : 
		Unchanged: 
 Data sizes:     COMRAM   BANK0   BANK1   BANK2   BANK3   BANK4   BANK5   BANK6   BANK7   BANK8   BANK9  BANK10  BANK11  BANK12  BANK13  BANK14
      Params:         0       0       0       0       0       0       0       0       0       0       0       0       0       0       0       0
      Locals:         1       0       0       0       0       0       0       0       0       0       0       0       0       0       0       0
      Temps:          1       0       0       0       0       0       0       0       0       0       0       0       0       0       0       0
      Totals:         2       0       0       0       0       0       0       0       0       0       0       0       0       0       0       0
Total ram usage:        2 bytes
 Hardware stack levels used:    1
 This function calls:
		Nothing
 This function is called by:
		_EE_byte_write_singolo
 This function uses a non-reentrant model


 *************** function _OpenI2C1 *****************
 Defined at:
		line 29 in file "C:\Program Files (x86)\Microchip\xc8\v1.34\sources\pic18\plib\i2c\i2c1open.c"
 Parameters:    Size  Location     Type
  sync_mode       1    wreg     unsigned char 
  slew            1    0[COMRAM] unsigned char 
 Auto vars:     Size  Location     Type
  sync_mode       1    1[COMRAM] unsigned char 
 Return value:  Size  Location     Type
		None               void
 Registers used:
		wreg, status,2, status,0
 Tracked objects:
		On entry : 
		On exit  : 
		Unchanged: 
 Data sizes:     COMRAM   BANK0   BANK1   BANK2   BANK3   BANK4   BANK5   BANK6   BANK7   BANK8   BANK9  BANK10  BANK11  BANK12  BANK13  BANK14
      Params:         1       0       0       0       0       0       0       0       0       0       0       0       0       0       0       0
      Locals:         1       0       0       0       0       0       0       0       0       0       0       0       0       0       0       0
      Temps:          0       0       0       0       0       0       0       0       0       0       0       0       0       0       0       0
      Totals:         2       0       0       0       0       0       0       0       0       0       0       0       0       0       0       0
Total ram usage:        2 bytes
 Hardware stack levels used:    1
 This function calls:
		Nothing
 This function is called by:
		_EE_byte_write_singolo
 This function uses a non-reentrant model



MODULE INFORMATION

Module		Function		Class		Link	Load	Size
C:\Program Files (x86)\Microchip\xc8\v1.34\sources\pic18\plib\i2c\i2c1open.c
		_OpenI2C1      		CODE           	02BA	0000	27

C:\Program Files (x86)\Microchip\xc8\v1.34\sources\pic18\plib\i2c\i2c1open.c estimated size: 27

shared
		__initializatio		CODE           	02D4	0000	5

shared estimated size: 5

C:\Program Files (x86)\Microchip\xc8\v1.34\sources\pic18\plib\i2c\i2c1writ.c
		_WriteI2C1     		CODE           	023E	0000	125

C:\Program Files (x86)\Microchip\xc8\v1.34\sources\pic18\plib\i2c\i2c1writ.c estimated size: 125

main.c
		_main          		CODE           	01AA	0000	149
		_interruzione  		CODE           	0008	0000	215
		_EE_byte_write_		CODE           	00E2	0000	201

main.c estimated size: 565

